\BOOKMARK [0][-]{chapter*.1}{\376\377\000A\000v\000a\000n\000t\000-\000p\000r\000o\000p\000o\000s}{}% 1
\BOOKMARK [0][-]{chapter.1}{\376\377\000L\000i\000m\000i\000t\000e\000s\000\040\000d\000'\000u\000n\000e\000\040\000F\000o\000n\000c\000t\000i\000o\000n}{}% 2
\BOOKMARK [1][-]{section.1.1}{\376\377\000L\000i\000m\000i\000t\000e\000s\000\040\000d\000e\000s\000\040\000f\000o\000n\000c\000t\000i\000o\000n\000s\000\040\000d\000e\000\040\000r\000\351\000f\000\351\000r\000e\000n\000c\000e}{chapter.1}% 3
\BOOKMARK [2][-]{subsection.1.1.1}{\376\377\000L\000i\000m\000i\000t\000e\000s\000\040\000d\000e\000\040\000x\000n\003\002\000\040\000e\000t\000\040\000d\000e\000\040\0001\000/\000x\000n\003\002}{section.1.1}% 4
\BOOKMARK [2][-]{subsection.1.1.2}{\376\377\000L\000i\000m\000i\000t\000e\000s\000\040\000d\000e\000s\000\040\000p\000o\000l\000y\000n\000\364\000m\000e\000s\000\040\000e\000t\000\040\000f\000r\000a\000c\000t\000i\000o\000n\000s\000\040\000r\000a\000t\000i\000o\000n\000n\000e\000l\000l\000e\000s\000\040\000e\000n\000\040\000\261\042\036}{section.1.1}% 5
\BOOKMARK [2][-]{subsection.1.1.3}{\376\377\000L\000i\000m\000i\000t\000e\000s\000\040\000d\000e\000s\000\040\000f\000o\000n\000c\000t\000i\000o\000n\000s\000\040\000d\000e\000\040\000t\000y\000p\000e\000\040\000s\000q\000r\000t\000\050\000u\000\050\000x\000\051\000\051}{section.1.1}% 6
\BOOKMARK [1][-]{section.1.2}{\376\377\000O\000p\000\351\000r\000a\000t\000i\000o\000n\000s\000\040\000s\000u\000r\000\040\000l\000e\000s\000\040\000l\000i\000m\000i\000t\000e\000s}{chapter.1}% 7
\BOOKMARK [1][-]{section.1.3}{\376\377\000T\000h\000\351\000o\000r\000\350\000m\000e\000\040\000d\000e\000\040\000c\000o\000m\000p\000a\000r\000a\000i\000s\000o\000n}{chapter.1}% 8
\BOOKMARK [1][-]{section.1.4}{\376\377\000R\000\351\000c\000a\000p\000i\000t\000u\000l\000a\000t\000i\000f\000\040\000:\000\040\000l\000e\000v\000e\000r\000\040\000l\000e\000s\000\040\000f\000o\000r\000m\000e\000s\000\040\000i\000n\000d\000\351\000t\000e\000r\000m\000i\000n\000\351\000e\000s}{chapter.1}% 9
\BOOKMARK [1][-]{section.1.4}{\376\377\000E\000x\000e\000r\000c\000i\000c\000e\000s\000\040\000:\000\040\000L\000i\000m\000i\000t\000e\000s\000\040\000d\000'\000u\000n\000e\000\040\000f\000o\000n\000c\000t\000i\000o\000n}{chapter.1}% 10
\BOOKMARK [0][-]{chapter.2}{\376\377\000D\000\351\000r\000i\000v\000a\000b\000i\000l\000i\000t\000\351}{}% 11
\BOOKMARK [1][-]{section.2.1}{\376\377\000D\000\351\000r\000i\000v\000a\000b\000i\000l\000i\000t\000\351\000\040\000e\000n\000\040\000u\000n\000\040\000p\000o\000i\000n\000t}{chapter.2}% 12
\BOOKMARK [2][-]{subsection.2.1.1}{\376\377\000D\000\351\000r\000i\000v\000a\000b\000i\000l\000i\000t\000\351\000\040\000\340\000\040\000d\000r\000o\000i\000t\000e\000\040\000e\000t\000\040\000\340\000\040\000g\000a\000u\000c\000h\000e}{section.2.1}% 13
\BOOKMARK [1][-]{section.2.2}{\376\377\000T\000a\000n\000g\000e\000n\000t\000e\000\040\000e\000t\000\040\000i\000n\000t\000e\000r\000p\000r\000\351\000t\000a\000t\000i\000o\000n\000\040\000g\000\351\000o\000m\000\351\000t\000r\000i\000q\000u\000e}{chapter.2}% 14
\BOOKMARK [1][-]{section.2.3}{\376\377\000D\000\351\000r\000i\000v\000a\000b\000i\000l\000i\000t\000\351\000\040\000e\000t\000\040\000c\000o\000n\000t\000i\000n\000u\000i\000t\000\351}{chapter.2}% 15
\BOOKMARK [1][-]{section.2.4}{\376\377\000D\000\351\000r\000i\000v\000\351\000e\000s\000\040\000d\000e\000s\000\040\000f\000o\000n\000c\000t\000i\000o\000n\000s\000\040\000u\000s\000u\000e\000l\000l\000e\000s}{chapter.2}% 16
\BOOKMARK [1][-]{section.2.5}{\376\377\000O\000p\000\351\000r\000a\000t\000i\000o\000n\000s\000\040\000s\000u\000r\000\040\000l\000e\000s\000\040\000d\000\351\000r\000i\000v\000\351\000e\000s}{chapter.2}% 17
\BOOKMARK [1][-]{section.2.6}{\376\377\000D\000\351\000r\000i\000v\000\351\000e\000\040\000e\000t\000\040\000s\000e\000n\000s\000\040\000d\000e\000\040\000v\000a\000r\000i\000a\000t\000i\000o\000n}{chapter.2}% 18
\BOOKMARK [1][-]{Item.14}{\376\377\000E\000x\000e\000r\000c\000i\000c\000e\000s\000\040\000:\000\040\000D\000\351\000r\000i\000v\000a\000b\000i\000l\000i\000t\000\351}{chapter.2}% 19
\BOOKMARK [0][-]{chapter.3}{\376\377\000\311\000t\000u\000d\000e\000\040\000d\000e\000s\000\040\000F\000o\000n\000c\000t\000i\000o\000n\000s}{}% 20
\BOOKMARK [1][-]{section.3.1}{\376\377\000S\000y\000m\000\351\000t\000r\000i\000e\000s\000\040\000d\000'\000u\000n\000e\000\040\000c\000o\000u\000r\000b\000e}{chapter.3}% 21
\BOOKMARK [2][-]{subsection.3.1.1}{\376\377\000A\000x\000e\000\040\000d\000e\000\040\000s\000y\000m\000\351\000t\000r\000i\000e}{section.3.1}% 22
\BOOKMARK [2][-]{subsection.3.1.2}{\376\377\000C\000e\000n\000t\000r\000e\000\040\000d\000e\000\040\000s\000y\000m\000\351\000t\000r\000i\000e}{section.3.1}% 23
\BOOKMARK [1][-]{section.3.2}{\376\377\000C\000o\000n\000v\000e\000x\000i\000t\000\351\000\040\000e\000t\000\040\000p\000o\000i\000n\000t\000\040\000d\000'\000i\000n\000f\000l\000e\000x\000i\000o\000n}{chapter.3}% 24
\BOOKMARK [1][-]{section.3.3}{\376\377\000B\000r\000a\000n\000c\000h\000e\000s\000\040\000i\000n\000f\000i\000n\000i\000e\000s\000\040\000e\000t\000\040\000a\000s\000y\000m\000p\000t\000o\000t\000e\000s}{chapter.3}% 25
\BOOKMARK [1][-]{section.3.4}{\376\377\000F\000o\000n\000c\000t\000i\000o\000n\000\040\000r\000\351\000c\000i\000p\000r\000o\000q\000u\000e}{chapter.3}% 26
\BOOKMARK [1][-]{Item.55}{\376\377\000E\000x\000e\000r\000c\000i\000c\000e\000s\000\040\000:\000\040\000\311\000t\000u\000d\000e\000\040\000d\000e\000s\000\040\000f\000o\000n\000c\000t\000i\000o\000n\000s}{chapter.3}% 27
\BOOKMARK [0][-]{chapter.4}{\376\377\000S\000u\000i\000t\000e\000s\000\040\000N\000u\000m\000\351\000r\000i\000q\000u\000e\000s}{}% 28
\BOOKMARK [1][-]{section.4.1}{\376\377\000S\000u\000i\000t\000e\000s\000\040\000a\000r\000i\000t\000h\000m\000\351\000t\000i\000q\000u\000e\000s\000\040\000e\000t\000\040\000g\000\351\000o\000m\000\351\000t\000r\000i\000q\000u\000e\000s}{chapter.4}% 29
\BOOKMARK [1][-]{section.4.2}{\376\377\000M\000o\000n\000o\000t\000o\000n\000i\000e\000\040\000e\000t\000\040\000b\000o\000r\000n\000i\000t\000u\000d\000e}{chapter.4}% 30
\BOOKMARK [1][-]{section.4.3}{\376\377\000L\000i\000m\000i\000t\000e\000\040\000d\000'\000u\000n\000e\000\040\000s\000u\000i\000t\000e}{chapter.4}% 31
\BOOKMARK [1][-]{section.4.4}{\376\377\000C\000r\000i\000t\000\350\000r\000e\000s\000\040\000d\000e\000\040\000c\000o\000n\000v\000e\000r\000g\000e\000n\000c\000e}{chapter.4}% 32
\BOOKMARK [1][-]{section.4.5}{\376\377\000S\000u\000i\000t\000e\000\040\000d\000e\000\040\000t\000y\000p\000e\000\040\000v\000\137\000n\000\040\000=\000\040\000f\000\050\000u\000\137\000n\000\051}{chapter.4}% 33
\BOOKMARK [1][-]{section.4.6}{\376\377\000S\000u\000i\000t\000e\000\040\000d\000e\000\040\000t\000y\000p\000e\000\040\000u\000\137\000n\000+\0001\000\040\000=\000\040\000f\000\050\000u\000\137\000n\000\051}{chapter.4}% 34
\BOOKMARK [1][-]{section.4.7}{\376\377\000R\000e\000p\000r\000\351\000s\000e\000n\000t\000a\000t\000i\000o\000n\000\040\000g\000r\000a\000p\000h\000i\000q\000u\000e\000\040\000d\000'\000u\000n\000e\000\040\000s\000u\000i\000t\000e\000\040\000r\000\351\000c\000u\000r\000r\000e\000n\000t\000e}{chapter.4}% 35
\BOOKMARK [1][-]{Item.81}{\376\377\000E\000x\000e\000r\000c\000i\000c\000e\000s\000\040\000:\000\040\000S\000u\000i\000t\000e\000s\000\040\000n\000u\000m\000\351\000r\000i\000q\000u\000e\000s}{chapter.4}% 36
\BOOKMARK [0][-]{chapter.5}{\376\377\000F\000o\000n\000c\000t\000i\000o\000n\000s\000\040\000E\000x\000p\000o\000n\000e\000n\000t\000i\000e\000l\000l\000e\000s}{}% 37
\BOOKMARK [1][-]{section.5.1}{\376\377\000F\000o\000n\000c\000t\000i\000o\000n\000\040\000e\000x\000p\000o\000n\000e\000n\000t\000i\000e\000l\000l\000e\000\040\000n\000\351\000p\000\351\000r\000i\000e\000n\000n\000e}{chapter.5}% 38
\BOOKMARK [2][-]{subsection.5.1.1}{\376\377\000D\000\351\000f\000i\000n\000i\000t\000i\000o\000n\000\040\000e\000t\000\040\000p\000r\000e\000m\000i\000\350\000r\000e\000s\000\040\000p\000r\000o\000p\000r\000i\000\351\000t\000\351\000s}{section.5.1}% 39
\BOOKMARK [2][-]{subsection.5.1.2}{\376\377\000D\000o\000m\000a\000i\000n\000e\000\040\000d\000e\000\040\000d\000\351\000f\000i\000n\000i\000t\000i\000o\000n\000\040\000d\000e\000s\000\040\000f\000o\000n\000c\000t\000i\000o\000n\000s\000\040\000a\000v\000e\000c\000\040\000e\000\373}{section.5.1}% 40
\BOOKMARK [2][-]{subsection.5.1.3}{\376\377\000L\000i\000m\000i\000t\000e\000s\000\040\000u\000s\000u\000e\000l\000l\000e\000s}{section.5.1}% 41
\BOOKMARK [2][-]{subsection.5.1.4}{\376\377\000C\000o\000n\000t\000i\000n\000u\000i\000t\000\351\000\040\000e\000t\000\040\000d\000\351\000r\000i\000v\000a\000b\000i\000l\000i\000t\000\351}{section.5.1}% 42
\BOOKMARK [2][-]{subsection.5.1.5}{\376\377\000R\000e\000p\000r\000\351\000s\000e\000n\000t\000a\000t\000i\000o\000n\000\040\000g\000r\000a\000p\000h\000i\000q\000u\000e}{section.5.1}% 43
\BOOKMARK [1][-]{section.5.2}{\376\377\000F\000o\000n\000c\000t\000i\000o\000n\000\040\000e\000x\000p\000o\000n\000e\000n\000t\000i\000e\000l\000l\000e\000\040\000d\000e\000\040\000b\000a\000s\000e\000\040\000a}{chapter.5}% 44
\BOOKMARK [1][-]{section.5.3}{\376\377\000S\000i\000g\000n\000e\000\040\000e\000t\000\040\000\351\000q\000u\000a\000t\000i\000o\000n\000s\000\040\000a\000v\000e\000c\000\040\000e\000\373}{chapter.5}% 45
\BOOKMARK [1][-]{section.5.3}{\376\377\000E\000x\000e\000r\000c\000i\000c\000e\000s\000\040\000:\000\040\000F\000o\000n\000c\000t\000i\000o\000n\000s\000\040\000e\000x\000p\000o\000n\000e\000n\000t\000i\000e\000l\000l\000e\000s}{chapter.5}% 46
\BOOKMARK [0][-]{chapter.6}{\376\377\000F\000o\000n\000c\000t\000i\000o\000n\000s\000\040\000P\000r\000i\000m\000i\000t\000i\000v\000e\000s}{}% 47
\BOOKMARK [1][-]{section.6.1}{\376\377\000D\000\351\000f\000i\000n\000i\000t\000i\000o\000n\000\040\000e\000t\000\040\000p\000r\000o\000p\000r\000i\000\351\000t\000\351\000s\000\040\000g\000\351\000n\000\351\000r\000a\000l\000e\000s}{chapter.6}% 48
\BOOKMARK [1][-]{section.6.2}{\376\377\000F\000o\000r\000m\000u\000l\000a\000i\000r\000e\000\040\000d\000e\000s\000\040\000p\000r\000i\000m\000i\000t\000i\000v\000e\000s\000\040\000u\000s\000u\000e\000l\000l\000e\000s}{chapter.6}% 49
\BOOKMARK [1][-]{section.6.3}{\376\377\000P\000r\000i\000m\000i\000t\000i\000v\000e\000s\000\040\000d\000e\000s\000\040\000f\000o\000n\000c\000t\000i\000o\000n\000s\000\040\000c\000o\000m\000p\000o\000s\000\351\000e\000s}{chapter.6}% 50
\BOOKMARK [1][-]{section.6.4}{\376\377\000P\000r\000i\000m\000i\000t\000i\000v\000e\000s\000\040\000e\000t\000\040\000t\000a\000b\000l\000e\000a\000u\000x\000\040\000d\000e\000\040\000v\000a\000r\000i\000a\000t\000i\000o\000n\000s}{chapter.6}% 51
\BOOKMARK [1][-]{section.6.4}{\376\377\000E\000x\000e\000r\000c\000i\000c\000e\000s\000\040\000:\000\040\000F\000o\000n\000c\000t\000i\000o\000n\000s\000\040\000p\000r\000i\000m\000i\000t\000i\000v\000e\000s}{chapter.6}% 52
\BOOKMARK [0][-]{chapter.7}{\376\377\000F\000o\000n\000c\000t\000i\000o\000n\000s\000\040\000L\000o\000g\000a\000r\000i\000t\000h\000m\000i\000q\000u\000e\000s}{}% 53
\BOOKMARK [1][-]{section.7.1}{\376\377\000F\000o\000n\000c\000t\000i\000o\000n\000\040\000L\000o\000g\000a\000r\000i\000t\000h\000m\000e\000\040\000N\000\351\000p\000\351\000r\000i\000e\000n}{chapter.7}% 54
\BOOKMARK [2][-]{subsection.7.1.1}{\376\377\000D\000\351\000f\000i\000n\000i\000t\000i\000o\000n}{section.7.1}% 55
\BOOKMARK [2][-]{subsection.7.1.2}{\376\377\000R\000\350\000g\000l\000e\000s\000\040\000d\000e\000\040\000c\000a\000l\000c\000u\000l}{section.7.1}% 56
\BOOKMARK [2][-]{subsection.7.1.3}{\376\377\000D\000o\000m\000a\000i\000n\000e\000\040\000d\000e\000\040\000d\000\351\000f\000i\000n\000i\000t\000i\000o\000n}{section.7.1}% 57
\BOOKMARK [2][-]{subsection.7.1.4}{\376\377\000L\000i\000m\000i\000t\000e\000s\000\040\000u\000s\000u\000e\000l\000l\000e\000s}{section.7.1}% 58
\BOOKMARK [2][-]{subsection.7.1.5}{\376\377\000D\000\351\000r\000i\000v\000a\000b\000i\000l\000i\000t\000\351}{section.7.1}% 59
\BOOKMARK [2][-]{subsection.7.1.6}{\376\377\000S\000i\000g\000n\000e\000\040\000e\000t\000\040\000r\000e\000p\000r\000\351\000s\000e\000n\000t\000a\000t\000i\000o\000n\000\040\000g\000r\000a\000p\000h\000i\000q\000u\000e}{section.7.1}% 60
\BOOKMARK [1][-]{section.7.2}{\376\377\000F\000o\000n\000c\000t\000i\000o\000n\000\040\000L\000o\000g\000a\000r\000i\000t\000h\000m\000e\000\040\000d\000e\000\040\000b\000a\000s\000e\000\040\000a}{chapter.7}% 61
\BOOKMARK [1][-]{section.7.2}{\376\377\000E\000x\000e\000r\000c\000i\000c\000e\000s\000\040\000:\000\040\000F\000o\000n\000c\000t\000i\000o\000n\000s\000\040\000l\000o\000g\000a\000r\000i\000t\000h\000m\000i\000q\000u\000e\000s}{chapter.7}% 62
\BOOKMARK [0][-]{chapter.8}{\376\377\000C\000a\000l\000c\000u\000l\000\040\000I\000n\000t\000\351\000g\000r\000a\000l}{}% 63
\BOOKMARK [1][-]{section.8.1}{\376\377\000I\000n\000t\000\351\000g\000r\000a\000l\000e\000\040\000d\000'\000u\000n\000e\000\040\000f\000o\000n\000c\000t\000i\000o\000n\000\040\000c\000o\000n\000t\000i\000n\000u\000e}{chapter.8}% 64
\BOOKMARK [1][-]{section.8.2}{\376\377\000P\000r\000o\000p\000r\000i\000\351\000t\000\351\000s\000\040\000d\000e\000\040\000l\000'\000i\000n\000t\000\351\000g\000r\000a\000l\000e}{chapter.8}% 65
\BOOKMARK [1][-]{section.8.3}{\376\377\000V\000a\000l\000e\000u\000r\000\040\000m\000o\000y\000e\000n\000n\000e}{chapter.8}% 66
\BOOKMARK [1][-]{section.8.4}{\376\377\000I\000n\000t\000\351\000g\000r\000a\000t\000i\000o\000n\000\040\000p\000a\000r\000\040\000p\000a\000r\000t\000i\000e\000s}{chapter.8}% 67
\BOOKMARK [1][-]{section.8.5}{\376\377\000C\000a\000l\000c\000u\000l\000\040\000d\000'\000a\000i\000r\000e\000s}{chapter.8}% 68
\BOOKMARK [1][-]{section.8.6}{\376\377\000C\000a\000l\000c\000u\000l\000\040\000d\000e\000\040\000v\000o\000l\000u\000m\000e\000s\000\040\000d\000e\000\040\000r\000\351\000v\000o\000l\000u\000t\000i\000o\000n}{chapter.8}% 69
\BOOKMARK [1][-]{section.8.6}{\376\377\000E\000x\000e\000r\000c\000i\000c\000e\000s\000\040\000:\000\040\000C\000a\000l\000c\000u\000l\000\040\000i\000n\000t\000\351\000g\000r\000a\000l}{chapter.8}% 70
\BOOKMARK [0][-]{chapter.9}{\376\377\000P\000r\000o\000b\000a\000b\000i\000l\000i\000t\000\351\000s}{}% 71
\BOOKMARK [1][-]{section.9.1}{\376\377\000P\000r\000o\000b\000a\000b\000i\000l\000i\000t\000\351\000s\000\040\000d\000'\000u\000n\000\040\000e\000n\000s\000e\000m\000b\000l\000e\000\040\000f\000i\000n\000i}{chapter.9}% 72
\BOOKMARK [1][-]{section.9.2}{\376\377\000V\000a\000r\000i\000a\000b\000l\000e\000\040\000a\000l\000\351\000a\000t\000o\000i\000r\000e\000\040\000e\000t\000\040\000l\000o\000i\000\040\000d\000e\000\040\000p\000r\000o\000b\000a\000b\000i\000l\000i\000t\000\351}{chapter.9}% 73
\BOOKMARK [1][-]{section.9.3}{\376\377\000P\000r\000o\000b\000a\000b\000i\000l\000i\000t\000\351\000\040\000c\000o\000n\000d\000i\000t\000i\000o\000n\000n\000e\000l\000l\000e\000\040\000e\000t\000\040\000i\000n\000d\000\351\000p\000e\000n\000d\000a\000n\000c\000e}{chapter.9}% 74
\BOOKMARK [1][-]{section.9.4}{\376\377\000E\000s\000p\000\351\000r\000a\000n\000c\000e\000,\000\040\000v\000a\000r\000i\000a\000n\000c\000e\000\040\000e\000t\000\040\000\351\000c\000a\000r\000t\000-\000t\000y\000p\000e}{chapter.9}% 75
\BOOKMARK [1][-]{section.9.5}{\376\377\000E\000p\000r\000e\000u\000v\000e\000\040\000r\000\351\000p\000\351\000t\000\351\000e\000\040\000e\000t\000\040\000l\000o\000i\000\040\000b\000i\000n\000o\000m\000i\000a\000l\000e}{chapter.9}% 76
\BOOKMARK [1][-]{section.9.6}{\376\377\000E\000x\000e\000r\000c\000i\000c\000e\000s\000\040\000d\000'\000e\000n\000t\000r\000a\000\356\000n\000e\000m\000e\000n\000t}{chapter.9}% 77
\BOOKMARK [-1][-]{part*.3}{\376\377\000E\000x\000a\000m\000e\000n\000s\000\040\000B\000l\000a\000n\000c\000s}{}% 78
\BOOKMARK [0][-]{section*.4}{\376\377\000E\000x\000a\000m\000e\000n\000\040\000B\000l\000a\000n\000c\000\040\000N\000o\0001}{part*.3}% 79
\BOOKMARK [0][-]{Item.250}{\376\377\000E\000x\000a\000m\000e\000n\000\040\000B\000l\000a\000n\000c\000\040\000N\000o\0002}{part*.3}% 80
\BOOKMARK [0][-]{Item.280}{\376\377\000E\000x\000a\000m\000e\000n\000\040\000B\000l\000a\000n\000c\000\040\000N\000o\0003}{part*.3}% 81
